ASxxxx Linker V03.00/V05.40 + sdld,  page 1.
Hexadecimal  [32-Bits]

Area                                    Addr        Size        Decimal Bytes (Attributes)
--------------------------------        ----        ----        ------- ----- ------------
CABS                                00000000    00000000 =           0. bytes (ABS,CON,CODE)

      Value  Global                              Global Defined In Module
      -----  --------------------------------   ------------------------
C:   00000000  l_BIT_BANK                      
C:   00000000  l_BSEG                          
C:   00000000  l_BSEG_BYTES                    
C:   00000000  l_CABS                          
C:   00000000  l_CONST                         
C:   00000000  l_GSINIT                        
C:   00000000  l_GSINIT1                       
C:   00000000  l_GSINIT5                       
C:   00000000  l_IABS                          
C:   00000000  l_ISEG                          
C:   00000000  l_PSEG                          
C:   00000000  l_REG_BANK_1                    
C:   00000000  l_REG_BANK_2                    
C:   00000000  l_REG_BANK_3                    
C:   00000000  l_RSEG                          
C:   00000000  l_RSEG0                         
C:   00000000  l_RSEG1                         
C:   00000000  l_XABS                          
C:   00000000  l_XINIT                         
C:   00000000  l_XISEG                         
C:   00000000  l_XSEG                          
C:   00000000  l__CODE                         
C:   00000000  s_BSEG                          
C:   00000000  s_CABS                          
C:   00000000  s_DSEG                          
C:   00000000  s_HOME                          
C:   00000000  s_IABS                          
C:   00000000  s_ISEG                          
C:   00000000  s_REG_BANK_0                    
C:   00000000  s_RSEG                          
C:   00000000  s_RSEG0                         
C:   00000000  s_RSEG1                         
C:   00000000  s_XABS                          
C:   00000001  s_PSEG                          
C:   00000001  s_XISEG                         
C:   00000001  s_XSEG                          
C:   00000002  l_OSEG                          
C:   00000003  l_GSFINAL                       
C:   00000003  l_GSINIT0                       
C:   00000008  l_REG_BANK_0                    
C:   00000008  s_REG_BANK_1                    
C:   0000000A  l_GSINIT2                       
C:   00000010  s_OSEG                          
C:   00000010  s_REG_BANK_2                    
C:   00000012  s_SSEG                          
C:   00000018  s_BIT_BANK                      
C:   00000018  s_REG_BANK_3                    
C:   00000020  s_BSEG_BYTES                    
C:   00000020  s__CODE                         
C:   00000022  l_GSINIT3                       
ASxxxx Linker V03.00/V05.40 + sdld,  page 2.
Hexadecimal  [32-Bits]

Area                                    Addr        Size        Decimal Bytes (Attributes)
--------------------------------        ----        ----        ------- ----- ------------
CABS                                00000000    00000000 =           0. bytes (ABS,CON,CODE)

      Value  Global                              Global Defined In Module
      -----  --------------------------------   ------------------------
C:   0000002A  l_GSINIT4                       
C:   0000004C  l_HOME                          
C:   0000004C  s_GSINIT0                       
C:   0000004F  s_GSINIT1                       
C:   0000004F  s_GSINIT2                       
C:   00000059  s_GSINIT3                       
C:   0000006E  l_SSEG                          
C:   0000007B  s_GSINIT4                       
C:   00000080  l_DSEG                          
C:   00000080  l_IRAM                          
C:   000000A5  s_GSFINAL                       
C:   000000A5  s_GSINIT                        
C:   000000A5  s_GSINIT5                       
C:   000000A8  s_CSEG                          
C:   00000205  l_CSEG                          
C:   000002AD  s_CONST                         
C:   000002AD  s_XINIT                         

ASxxxx Linker V03.00/V05.40 + sdld,  page 3.
Hexadecimal  [32-Bits]

Area                                    Addr        Size        Decimal Bytes (Attributes)
--------------------------------        ----        ----        ------- ----- ------------
.  .ABS.                            00000000    00000000 =           0. bytes (ABS,CON)

      Value  Global                              Global Defined In Module
      -----  --------------------------------   ------------------------
     00000000  .__.ABS.                           _startup
     00000080  _P0                                hello
     00000080  _P0_0                              hello
     00000081  _P0_1                              hello
     00000081  _SP                                hello
     00000082  _DPL                               hello
     00000082  _P0_2                              hello
     00000083  _DPH                               hello
     00000083  _P0_3                              hello
     00000084  _P0_4                              hello
     00000085  _P0_5                              hello
     00000086  _P0_6                              hello
     00000087  _P0_7                              hello
     00000087  _PCON                              hello
     00000088  _IT0                               hello
     00000088  _TCON                              hello
     00000089  _IE0                               hello
     00000089  _TMOD                              hello
     0000008A  _IT1                               hello
     0000008A  _TL0                               hello
     0000008B  _IE1                               hello
     0000008B  _TL1                               hello
     0000008C  _TH0                               hello
     0000008C  _TR0                               hello
     0000008D  _TF0                               hello
     0000008D  _TH1                               hello
     0000008E  _AUXR                              hello
     0000008E  _TR1                               hello
     0000008F  _TF1                               hello
     00000090  _P1                                hello
     00000090  _P1_0                              hello
     00000091  _P1M1                              hello
     00000091  _P1_1                              hello
     00000092  _P1M0                              hello
     00000092  _P1_2                              hello
     00000093  _P0M1                              hello
     00000093  _P1_3                              hello
     00000094  _P0M0                              hello
     00000094  _P1_4                              hello
     00000095  _P1_5                              hello
     00000095  _P2M1                              hello
     00000096  _P1_6                              hello
     00000096  _P2M0                              hello
     00000097  _P1_7                              hello
     00000098  _RI                                hello
     00000098  _SCON                              hello
     00000099  _SBUF                              hello
     00000099  _TI                                hello
     0000009A  _RB8                               hello
     0000009B  _TB8                               hello
ASxxxx Linker V03.00/V05.40 + sdld,  page 4.
Hexadecimal  [32-Bits]

Area                                    Addr        Size        Decimal Bytes (Attributes)
--------------------------------        ----        ----        ------- ----- ------------
.  .ABS.                            00000000    00000000 =           0. bytes (ABS,CON)

      Value  Global                              Global Defined In Module
      -----  --------------------------------   ------------------------
     0000009C  _REN                               hello
     0000009D  _SM2                               hello
     0000009E  _SM1                               hello
     0000009F  _SM0                               hello
     000000A0  _P2                                hello
     000000A0  _P2_0                              hello
     000000A0  __XPAGE                            
     000000A1  _P2_1                              hello
     000000A2  _P2_2                              hello
     000000A3  _P2_3                              hello
     000000A4  _P2_4                              hello
     000000A5  _P2_5                              hello
     000000A6  _P2_6                              hello
     000000A7  _P2_7                              hello
     000000A8  _EX0                               hello
     000000A8  _IE                                hello
     000000A9  _ET0                               hello
     000000AA  _EX1                               hello
     000000AB  _ET1                               hello
     000000AC  _ES                                hello
     000000AF  _EA                                hello
     000000B0  _P3                                hello
     000000B0  _P3_0                              hello
     000000B0  _RXD                               hello
     000000B1  _P3M1                              hello
     000000B1  _P3_1                              hello
     000000B1  _TXD                               hello
     000000B2  _INT0                              hello
     000000B2  _P3M0                              hello
     000000B2  _P3_2                              hello
     000000B3  _INT1                              hello
     000000B3  _P3_3                              hello
     000000B3  _P4M1                              hello
     000000B4  _P3_4                              hello
     000000B4  _P4M0                              hello
     000000B4  _T0                                hello
     000000B5  _P3_5                              hello
     000000B5  _T1                                hello
     000000B6  _P3_6                              hello
     000000B6  _WR                                hello
     000000B7  _P3_7                              hello
     000000B7  _RD                                hello
     000000B8  _IP                                hello
     000000B8  _PX0                               hello
     000000B9  _PT0                               hello
     000000BA  _PX1                               hello
     000000BB  _PT1                               hello
     000000BC  _PS                                hello
     000000C2  _IAP_DATA                          hello
     000000C3  _IAP_ADDRH                         hello
     000000C4  _IAP_ADDRL                         hello
ASxxxx Linker V03.00/V05.40 + sdld,  page 5.
Hexadecimal  [32-Bits]

Area                                    Addr        Size        Decimal Bytes (Attributes)
--------------------------------        ----        ----        ------- ----- ------------
.  .ABS.                            00000000    00000000 =           0. bytes (ABS,CON)

      Value  Global                              Global Defined In Module
      -----  --------------------------------   ------------------------
     000000C5  _IAP_CMD                           hello
     000000C6  _IAP_TRIG                          hello
     000000C7  _IAP_CONTR                         hello
     000000C9  _P5M1                              hello
     000000CA  _P5M0                              hello
     000000CB  _P6M1                              hello
     000000CC  _P6M0                              hello
     000000D0  _P                                 hello
     000000D0  _PSW                               hello
     000000D1  _F1                                hello
     000000D2  _OV                                hello
     000000D3  _RS0                               hello
     000000D4  _RS1                               hello
     000000D5  _F0                                hello
     000000D6  _AC                                hello
     000000D7  _CY                                hello
     000000E0  _ACC                               hello
     000000E1  _P7M1                              hello
     000000E2  _P7M0                              hello
     000000F0  _B                                 hello
     000000F5  _B_5                               _gptrget
     000000F6  _B_6                               _gptrget
     000000F7  _B_7                               _gptrget

ASxxxx Linker V03.00/V05.40 + sdld,  page 6.
Hexadecimal  [32-Bits]

Area                                    Addr        Size        Decimal Bytes (Attributes)
--------------------------------        ----        ----        ------- ----- ------------
REG_BANK_0                          00000000    00000008 =           8. bytes (REL,OVR)

      Value  Global                              Global Defined In Module
      -----  --------------------------------   ------------------------
ASxxxx Linker V03.00/V05.40 + sdld,  page 7.
Hexadecimal  [32-Bits]

Area                                    Addr        Size        Decimal Bytes (Attributes)
--------------------------------        ----        ----        ------- ----- ------------
DSEG                                00000000    00000080 =         128. bytes (REL,CON)

      Value  Global                              Global Defined In Module
      -----  --------------------------------   ------------------------
ASxxxx Linker V03.00/V05.40 + sdld,  page 8.
Hexadecimal  [32-Bits]

Area                                    Addr        Size        Decimal Bytes (Attributes)
--------------------------------        ----        ----        ------- ----- ------------
OSEG                                00000010    00000002 =           2. bytes (REL,OVR)

      Value  Global                              Global Defined In Module
      -----  --------------------------------   ------------------------
     00000010  _setPortMode_PARM_2                hello
     00000011  _setPortMode_PARM_3                hello

ASxxxx Linker V03.00/V05.40 + sdld,  page 9.
Hexadecimal  [32-Bits]

Area                                    Addr        Size        Decimal Bytes (Attributes)
--------------------------------        ----        ----        ------- ----- ------------
SSEG                                00000012    0000006E =         110. bytes (REL,OVR)

      Value  Global                              Global Defined In Module
      -----  --------------------------------   ------------------------
     00000012  __start__stack                     hello

ASxxxx Linker V03.00/V05.40 + sdld,  page 10.
Hexadecimal  [32-Bits]

Area                                    Addr        Size        Decimal Bytes (Attributes)
--------------------------------        ----        ----        ------- ----- ------------
HOME                                00000000    0000004C =          76. bytes (REL,CON,CODE)

      Value  Global                              Global Defined In Module
      -----  --------------------------------   ------------------------
C:   00000008  sdcc_atomic_exchange_rollback_st   hello
C:   0000002F  sdcc_atomic_exchange_gptr_impl     hello
C:   0000002F  sdcc_atomic_exchange_rollback_en   hello
C:   0000003F  sdcc_atomic_compare_exchange_gpt   hello
C:   00000049  __sdcc_program_startup             hello

ASxxxx Linker V03.00/V05.40 + sdld,  page 11.
Hexadecimal  [32-Bits]

Area                                    Addr        Size        Decimal Bytes (Attributes)
--------------------------------        ----        ----        ------- ----- ------------
GSINIT0                             0000004C    00000003 =           3. bytes (REL,CON,CODE)

      Value  Global                              Global Defined In Module
      -----  --------------------------------   ------------------------
C:   0000004C  __sdcc_gsinit_startup              

ASxxxx Linker V03.00/V05.40 + sdld,  page 12.
Hexadecimal  [32-Bits]

Area                                    Addr        Size        Decimal Bytes (Attributes)
--------------------------------        ----        ----        ------- ----- ------------
GSINIT2                             0000004F    0000000A =          10. bytes (REL,CON,CODE)

      Value  Global                              Global Defined In Module
      -----  --------------------------------   ------------------------
ASxxxx Linker V03.00/V05.40 + sdld,  page 13.
Hexadecimal  [32-Bits]

Area                                    Addr        Size        Decimal Bytes (Attributes)
--------------------------------        ----        ----        ------- ----- ------------
GSINIT3                             00000059    00000022 =          34. bytes (REL,CON,CODE)

      Value  Global                              Global Defined In Module
      -----  --------------------------------   ------------------------
C:   00000059  __mcs51_genXINIT                   

ASxxxx Linker V03.00/V05.40 + sdld,  page 14.
Hexadecimal  [32-Bits]

Area                                    Addr        Size        Decimal Bytes (Attributes)
--------------------------------        ----        ----        ------- ----- ------------
GSINIT4                             0000007B    0000002A =          42. bytes (REL,CON,CODE)

      Value  Global                              Global Defined In Module
      -----  --------------------------------   ------------------------
C:   0000007B  __mcs51_genRAMCLEAR                
C:   00000081  __mcs51_genXRAMCLEAR               

ASxxxx Linker V03.00/V05.40 + sdld,  page 15.
Hexadecimal  [32-Bits]

Area                                    Addr        Size        Decimal Bytes (Attributes)
--------------------------------        ----        ----        ------- ----- ------------
GSFINAL                             000000A5    00000003 =           3. bytes (REL,CON,CODE)

      Value  Global                              Global Defined In Module
      -----  --------------------------------   ------------------------
ASxxxx Linker V03.00/V05.40 + sdld,  page 16.
Hexadecimal  [32-Bits]

Area                                    Addr        Size        Decimal Bytes (Attributes)
--------------------------------        ----        ----        ------- ----- ------------
CSEG                                000000A8    00000205 =         517. bytes (REL,CON,CODE)

      Value  Global                              Global Defined In Module
      -----  --------------------------------   ------------------------
C:   000000A8  _setPortMode                       hello
C:   000000FE  _Delay2400                         hello
C:   00000113  _sendChar                          hello
C:   00000151  _sendCRLF                          hello
C:   0000015D  _receiveChar                       hello
C:   0000019A  _processCommand                    hello
C:   0000021A  _main                              hello
C:   0000028D  __gptrget                          _gptrget
C:   000002A9  ___sdcc_external_startup           _startup
ASxxxx Linker V03.00/V05.40 + sdld,  page 17.

Files Linked                              [ module(s) ]

hello_bin.rel                             [  ]


Libraries Linked                          [ object file ]

C:\Program Files\SDCC\bin\..\lib\small/mcs51.lib
                                          [ crtclear.rel ]
C:\Program Files\SDCC\bin\..\lib\small/mcs51.lib
                                          [ crtxinit.rel ]
C:\Program Files\SDCC\bin\..\lib\small/mcs51.lib
                                          [ crtxclear.rel ]
C:\Program Files\SDCC\bin\..\lib\small/mcs51.lib
                                          [ crtpagesfr.rel ]
C:\Program Files\SDCC\bin\..\lib\small/mcs51.lib
                                          [ crtstart.rel ]
C:\Program Files\SDCC\bin\..\lib\small/libsdcc.lib
                                          [ _gptrget.rel ]
C:\Program Files\SDCC\bin\..\lib\small/libsdcc.lib
                                          [ _startup.rel ]

ASxxxx Linker V03.00/V05.40 + sdld,  page 18.

User Base Address Definitions

HOME = 0x0000
XSEG = 0x0001
PSEG = 0x0001
ISEG = 0x0000
BSEG = 0x0000

